// Jest Snapshot v1, https://goo.gl/fbAQLP

exports[`<Form /> renders the <Form /> with an error 1`] = `
<div
  class="sc-hUpaCq jWjfHo"
>
  <div
    class="sc-jgrJph kWBQvU"
  >
    Your email address is already being used
  </div>
  <button
    class="sc-hiwPVj fAxnso"
    type="submit"
  >
    Sign In
  </button>
</div>
`;
